normal normal 20px DenLabSans
normal normal 20px DenLabSans
